[127.0.0.1/av/landing/index.html]
[backblue.gif]
[fade.gif]
[index.html]
[127.0.0.1/av/wp-content/uploads/2017/01/vwebdev1-1.png]
[127.0.0.1/av/wp-content/plugins/LayerSlider/static/layerslider/css/layerslider42c6.css]
[127.0.0.1/av/wp-content/themes/Avada/assets/css/style.min066b.css]
[127.0.0.1/av/wp-content/themes/Avada/assets/fonts/fontawesome/font-awesome066b.css]
[127.0.0.1/av/wp-content/themes/Avada/ilightbox066b.css]
[127.0.0.1/av/wp-content/themes/Avada/animations066b.css]
[127.0.0.1/av/wp-content/themes/Avada/assets/css/rtl066b.css]
[127.0.0.1/av/wp-content/plugins/fusion-builder/css/fusion-shortcodes.min0ba6.css]
[127.0.0.1/av/wp-content/uploads/avada-styles/avada-3133ad.css]
[127.0.0.1/av/wp-includes/js/jquery/jquery-migrate.min330a.js]
[127.0.0.1/av/wp-content/plugins/LayerSlider/static/layerslider/js/layerslider.transitions42c6.js]
[127.0.0.1/av/wp-content/uploads/2017/01/startup-photos.jpg]
[127.0.0.1/av/wp-includes/js/jquery/jqueryb8ff.js]
[127.0.0.1/av/wp-includes/js/comment-reply.min4698.js]
[127.0.0.1/av/wp-content/plugins/LayerSlider/static/layerslider/js/greensockb3a6.js]
[127.0.0.1/av/landing/index.html]
[127.0.0.1/av/wp-includes/js/wp-embed.min4698.js]
[127.0.0.1/av/wp-content/plugins/LayerSlider/static/layerslider/css/layerslider42c6.css]
[127.0.0.1/av/wp-content/themes/Avada/assets/images/shadow-top.png]
[127.0.0.1/av/wp-content/plugins/LayerSlider/static/layerslider/js/layerslider.kreaturamedia.jquery42c6.js]
[127.0.0.1/av/wp-content/themes/Avada/assets/images/shadow-bottom.png]
[127.0.0.1/av/wp-content/themes/Avada/assets/css/style.min066b.css]
[127.0.0.1/av/wp-content/themes/Avada/assets/fonts/fontawesome/fontawesome-webfont3e6e.eot]
[127.0.0.1/av/wp-content/themes/Avada/assets/fonts/fontawesome/fontawesome-webfontd41d.eot]
[127.0.0.1/av/wp-content/themes/Avada/assets/fonts/fontawesome/fontawesome-webfont3e6e.woff]
[127.0.0.1/av/wp-content/themes/Avada/assets/js/main.min066b.js]
[127.0.0.1/av/wp-content/themes/Avada/assets/fonts/fontawesome/fontawesome-webfont3e6e.ttf]
[127.0.0.1/av/wp-content/themes/Avada/assets/fonts/fontawesome/font-awesome066b.css]
[127.0.0.1/av/wp-content/themes/Avada/assets/images/iLightbox/social_icons/facebook_16.png]
[127.0.0.1/av/wp-content/themes/Avada/assets/images/iLightbox/social_icons/digg_16.png]
[127.0.0.1/av/wp-content/themes/Avada/assets/images/iLightbox/social_icons/twitter_16.png]
[127.0.0.1/av/wp-content/themes/Avada/assets/images/iLightbox/social_icons/delicious_16.png]
[127.0.0.1/av/wp-content/themes/Avada/assets/images/iLightbox/social_icons/reddit_16.png]
[127.0.0.1/av/wp-content/themes/Avada/assets/images/iLightbox/social_icons/google_plus_16.png]
[127.0.0.1/av/wp-content/themes/Avada/assets/images/iLightbox/dark-skin/preloader.gif]
[127.0.0.1/av/wp-content/themes/Avada/assets/images/iLightbox/dark-skin/caption-bg.png]
[127.0.0.1/av/wp-content/themes/Avada/assets/images/iLightbox/dark-skin/alert.png]
[127.0.0.1/av/wp-content/themes/Avada/assets/images/iLightbox/dark-skin/buttons.png]
[127.0.0.1/av/wp-content/themes/Avada/assets/images/iLightbox/dark-skin/fullscreen-icon-64.png]
[127.0.0.1/av/wp-content/themes/Avada/assets/images/iLightbox/dark-skin/fullscreen-icon-ie.png]
[127.0.0.1/av/wp-content/themes/Avada/assets/images/iLightbox/dark-skin/x-mark-icon-64.png]
[127.0.0.1/av/wp-content/themes/Avada/assets/images/iLightbox/dark-skin/x-mark-icon-ie.png]
[127.0.0.1/av/wp-content/themes/Avada/assets/images/iLightbox/dark-skin/arrow-next-icon-64.png]
[127.0.0.1/av/wp-content/themes/Avada/assets/images/iLightbox/dark-skin/arrow-next-icon-ie.png]
[127.0.0.1/av/wp-content/themes/Avada/assets/images/iLightbox/dark-skin/arrow-prev-icon-64.png]
[127.0.0.1/av/wp-content/themes/Avada/assets/images/iLightbox/dark-skin/arrow-prev-icon-ie.png]
[127.0.0.1/av/wp-content/themes/Avada/assets/images/iLightbox/dark-skin/play-icon-64.png]
[127.0.0.1/av/wp-content/themes/Avada/assets/images/iLightbox/dark-skin/play-icon-ie.png]
[127.0.0.1/av/wp-content/themes/Avada/assets/images/iLightbox/dark-skin/pause-icon-64.png]
[127.0.0.1/av/wp-content/themes/Avada/assets/images/iLightbox/dark-skin/pause-icon-ie.png]
[127.0.0.1/av/wp-content/themes/Avada/assets/images/iLightbox/dark-skin/thumb-overlay-play.png]
[127.0.0.1/av/wp-content/themes/Avada/assets/images/iLightbox/dark-skin/arrow-next-vertical-icon-64.png]
[127.0.0.1/av/wp-content/themes/Avada/assets/images/iLightbox/dark-skin/arrow-prev-vertical-icon-64.png]
[127.0.0.1/av/wp-content/themes/Avada/assets/images/iLightbox/light-skin/preloader.gif]
[127.0.0.1/av/wp-content/themes/Avada/assets/images/iLightbox/light-skin/caption-bg.png]
[127.0.0.1/av/wp-content/themes/Avada/assets/images/iLightbox/light-skin/alert.png]
[127.0.0.1/av/wp-content/themes/Avada/assets/images/iLightbox/light-skin/buttons.png]
[127.0.0.1/av/wp-content/themes/Avada/assets/images/iLightbox/light-skin/fullscreen-icon-64.png]
[127.0.0.1/av/wp-content/themes/Avada/assets/images/iLightbox/light-skin/fullscreen-icon-ie.png]
[127.0.0.1/av/wp-content/themes/Avada/assets/images/iLightbox/light-skin/x-mark-icon-64.png]
[127.0.0.1/av/wp-content/themes/Avada/assets/images/iLightbox/light-skin/x-mark-icon-ie.png]
[127.0.0.1/av/wp-content/themes/Avada/assets/images/iLightbox/light-skin/arrow-next-icon-64.png]
[127.0.0.1/av/wp-content/themes/Avada/assets/images/iLightbox/light-skin/arrow-next-icon-ie.png]
[127.0.0.1/av/wp-content/themes/Avada/assets/images/iLightbox/light-skin/arrow-prev-icon-64.png]
[127.0.0.1/av/wp-content/themes/Avada/assets/images/iLightbox/light-skin/arrow-prev-icon-ie.png]
[127.0.0.1/av/wp-content/themes/Avada/assets/images/iLightbox/light-skin/play-icon-64.png]
[127.0.0.1/av/wp-content/themes/Avada/assets/images/iLightbox/light-skin/play-icon-ie.png]
[127.0.0.1/av/wp-content/themes/Avada/assets/images/iLightbox/light-skin/pause-icon-64.png]
[127.0.0.1/av/wp-content/themes/Avada/assets/images/iLightbox/light-skin/pause-icon-ie.png]
[127.0.0.1/av/wp-content/themes/Avada/assets/images/iLightbox/light-skin/thumb-overlay-play.png]
[127.0.0.1/av/wp-content/themes/Avada/assets/images/iLightbox/light-skin/arrow-next-vertical-icon-64.png]
[127.0.0.1/av/wp-content/themes/Avada/assets/images/iLightbox/light-skin/arrow-prev-vertical-icon-64.png]
[127.0.0.1/av/wp-content/themes/Avada/assets/images/iLightbox/mac-skin/preloader.gif]
[127.0.0.1/av/wp-content/themes/Avada/assets/images/iLightbox/mac-skin/caption-bg.png]
[127.0.0.1/av/wp-content/themes/Avada/assets/images/iLightbox/mac-skin/alert.png]
[127.0.0.1/av/wp-content/themes/Avada/assets/images/iLightbox/mac-skin/close-25.png]
[127.0.0.1/av/wp-content/themes/Avada/assets/images/iLightbox/mac-skin/resize-25.png]
[127.0.0.1/av/wp-content/themes/Avada/assets/images/iLightbox/mac-skin/play-25.png]
[127.0.0.1/av/wp-content/themes/Avada/assets/images/iLightbox/mac-skin/pause-25.png]
[127.0.0.1/av/wp-content/themes/Avada/assets/images/iLightbox/mac-skin/resize-50.png]
[127.0.0.1/av/wp-content/themes/Avada/assets/images/iLightbox/mac-skin/resize-ie.png]
[127.0.0.1/av/wp-content/themes/Avada/assets/images/iLightbox/mac-skin/close-50.png]
[127.0.0.1/av/wp-content/themes/Avada/assets/images/iLightbox/mac-skin/close-ie.png]
[127.0.0.1/av/wp-content/themes/Avada/assets/images/iLightbox/mac-skin/forward-50.png]
[127.0.0.1/av/wp-content/themes/Avada/assets/images/iLightbox/mac-skin/forward-ie.png]
[127.0.0.1/av/wp-content/themes/Avada/assets/images/iLightbox/mac-skin/back-50.png]
[127.0.0.1/av/wp-content/themes/Avada/assets/images/iLightbox/mac-skin/back-ie.png]
[127.0.0.1/av/wp-content/themes/Avada/assets/images/iLightbox/mac-skin/play-50.png]
[127.0.0.1/av/wp-content/themes/Avada/assets/images/iLightbox/mac-skin/play-ie.png]
[127.0.0.1/av/wp-content/themes/Avada/assets/images/iLightbox/mac-skin/pause-50.png]
[127.0.0.1/av/wp-content/themes/Avada/assets/images/iLightbox/mac-skin/pause-ie.png]
[127.0.0.1/av/wp-content/themes/Avada/assets/images/iLightbox/mac-skin/thumb-overlay-play.png]
[127.0.0.1/av/wp-content/themes/Avada/assets/images/iLightbox/mac-skin/forward-vertical-50.png]
[127.0.0.1/av/wp-content/themes/Avada/assets/images/iLightbox/mac-skin/back-vertical-50.png]
[127.0.0.1/av/wp-content/themes/Avada/assets/images/iLightbox/metro-black-skin/preloader.gif]
[127.0.0.1/av/wp-content/themes/Avada/assets/images/iLightbox/metro-black-skin/caption-bg.png]
[127.0.0.1/av/wp-content/themes/Avada/assets/images/iLightbox/metro-black-skin/social-bg.png]
[127.0.0.1/av/wp-content/themes/Avada/assets/images/iLightbox/metro-black-skin/alert.png]
[127.0.0.1/av/wp-content/themes/Avada/assets/images/iLightbox/metro-black-skin/buttons.png]
[127.0.0.1/av/wp-content/themes/Avada/assets/images/iLightbox/metro-black-skin/fullscreen-icon-64.png]
[127.0.0.1/av/wp-content/themes/Avada/assets/images/iLightbox/metro-black-skin/fullscreen-icon-ie.png]
[127.0.0.1/av/wp-content/themes/Avada/assets/images/iLightbox/metro-black-skin/x-mark-icon-64.png]
[127.0.0.1/av/wp-content/themes/Avada/assets/images/iLightbox/metro-black-skin/x-mark-icon-ie.png]
[127.0.0.1/av/wp-content/themes/Avada/assets/images/iLightbox/metro-black-skin/arrow-next-icon-64.png]
[127.0.0.1/av/wp-content/themes/Avada/assets/images/iLightbox/metro-black-skin/arrow-next-icon-ie.png]
[127.0.0.1/av/wp-content/themes/Avada/assets/images/iLightbox/metro-black-skin/arrow-prev-icon-64.png]
[127.0.0.1/av/wp-content/themes/Avada/assets/images/iLightbox/metro-black-skin/arrow-prev-icon-ie.png]
[127.0.0.1/av/wp-content/themes/Avada/assets/images/iLightbox/metro-black-skin/play-icon-64.png]
[127.0.0.1/av/wp-content/themes/Avada/assets/images/iLightbox/metro-black-skin/play-icon-ie.png]
[127.0.0.1/av/wp-content/themes/Avada/assets/images/iLightbox/metro-black-skin/pause-icon-64.png]
[127.0.0.1/av/wp-content/themes/Avada/assets/images/iLightbox/metro-black-skin/pause-icon-ie.png]
[127.0.0.1/av/wp-content/themes/Avada/assets/images/iLightbox/metro-black-skin/thumb-overlay-play.png]
[127.0.0.1/av/wp-content/themes/Avada/assets/images/iLightbox/metro-black-skin/arrows_vertical.png]
[127.0.0.1/av/wp-content/themes/Avada/assets/images/iLightbox/metro-black-skin/arrows_horizontal.png]
[127.0.0.1/av/wp-content/themes/Avada/assets/images/iLightbox/metro-white-skin/preloader.gif]
[127.0.0.1/av/wp-content/themes/Avada/assets/images/iLightbox/metro-white-skin/caption-bg.png]
[127.0.0.1/av/wp-content/themes/Avada/assets/images/iLightbox/metro-white-skin/social-bg.png]
[127.0.0.1/av/wp-content/themes/Avada/assets/images/iLightbox/metro-white-skin/alert.png]
[127.0.0.1/av/wp-content/themes/Avada/assets/images/iLightbox/metro-white-skin/buttons.png]
[127.0.0.1/av/wp-content/themes/Avada/assets/images/iLightbox/metro-white-skin/fullscreen-icon-64.png]
[127.0.0.1/av/wp-content/themes/Avada/assets/images/iLightbox/metro-white-skin/fullscreen-icon-ie.png]
[127.0.0.1/av/wp-content/themes/Avada/assets/images/iLightbox/metro-white-skin/fullscreen-hover-icon-64.png]
[127.0.0.1/av/wp-content/themes/Avada/assets/images/iLightbox/metro-white-skin/fullscreen-hover-icon-ie.png]
[127.0.0.1/av/wp-content/themes/Avada/assets/images/iLightbox/metro-white-skin/x-mark-icon-64.png]
[127.0.0.1/av/wp-content/themes/Avada/assets/images/iLightbox/metro-white-skin/x-mark-icon-ie.png]
[127.0.0.1/av/wp-content/themes/Avada/assets/images/iLightbox/metro-white-skin/x-mark-hover-icon-64.png]
[127.0.0.1/av/wp-content/themes/Avada/assets/images/iLightbox/metro-white-skin/x-mark-hover-icon-ie.png]
[127.0.0.1/av/wp-content/themes/Avada/assets/images/iLightbox/metro-white-skin/arrow-next-icon-64.png]
[127.0.0.1/av/wp-content/themes/Avada/assets/images/iLightbox/metro-white-skin/arrow-next-icon-ie.png]
[127.0.0.1/av/wp-content/themes/Avada/assets/images/iLightbox/metro-white-skin/arrow-next-hover-icon-64.png]
[127.0.0.1/av/wp-content/themes/Avada/assets/images/iLightbox/metro-white-skin/arrow-next-hover-icon-ie.png]
[127.0.0.1/av/wp-content/themes/Avada/assets/images/iLightbox/metro-white-skin/arrow-prev-icon-64.png]
[127.0.0.1/av/wp-content/themes/Avada/assets/images/iLightbox/metro-white-skin/arrow-prev-icon-ie.png]
[127.0.0.1/av/wp-content/themes/Avada/assets/images/iLightbox/metro-white-skin/arrow-prev-hover-icon-64.png]
[127.0.0.1/av/wp-content/themes/Avada/assets/images/iLightbox/metro-white-skin/arrow-prev-hover-icon-ie.png]
[127.0.0.1/av/wp-content/themes/Avada/assets/images/iLightbox/metro-white-skin/play-icon-64.png]
[127.0.0.1/av/wp-content/themes/Avada/assets/images/iLightbox/metro-white-skin/play-icon-ie.png]
[127.0.0.1/av/wp-content/themes/Avada/assets/images/iLightbox/metro-white-skin/play-hover-icon-64.png]
[127.0.0.1/av/wp-content/themes/Avada/assets/images/iLightbox/metro-white-skin/play-hover-icon-ie.png]
[127.0.0.1/av/wp-content/themes/Avada/assets/images/iLightbox/metro-white-skin/pause-icon-64.png]
[127.0.0.1/av/wp-content/themes/Avada/assets/images/iLightbox/metro-white-skin/pause-icon-ie.png]
[127.0.0.1/av/wp-content/themes/Avada/assets/images/iLightbox/metro-white-skin/pause-hover-icon-64.png]
[127.0.0.1/av/wp-content/themes/Avada/assets/images/iLightbox/metro-white-skin/pause-hover-icon-ie.png]
[127.0.0.1/av/wp-content/themes/Avada/assets/images/iLightbox/metro-white-skin/thumb-overlay-play.png]
[127.0.0.1/av/wp-content/themes/Avada/assets/images/iLightbox/metro-white-skin/arrows_vertical.png]
[127.0.0.1/av/wp-content/themes/Avada/assets/images/iLightbox/metro-white-skin/arrows_horizontal.png]
[127.0.0.1/av/wp-content/themes/Avada/assets/images/iLightbox/parade-skin/pattern.png]
[127.0.0.1/av/wp-content/themes/Avada/assets/images/iLightbox/parade-skin/preloader.gif]
[127.0.0.1/av/wp-content/themes/Avada/assets/images/iLightbox/parade-skin/caption-bg.png]
[127.0.0.1/av/wp-content/themes/Avada/assets/images/iLightbox/parade-skin/alert.png]
[127.0.0.1/av/wp-content/themes/Avada/assets/images/iLightbox/parade-skin/buttons.png]
[127.0.0.1/av/wp-content/themes/Avada/assets/images/iLightbox/parade-skin/thumb-overlay-play.png]
[127.0.0.1/av/wp-content/themes/Avada/assets/images/iLightbox/smooth-skin/preloader.gif]
[127.0.0.1/av/wp-content/themes/Avada/assets/images/iLightbox/smooth-skin/caption-bg.png]
[127.0.0.1/av/wp-content/themes/Avada/assets/images/iLightbox/smooth-skin/alert.png]
[127.0.0.1/av/wp-content/themes/Avada/assets/images/iLightbox/smooth-skin/buttons.png]
[127.0.0.1/av/wp-content/themes/Avada/assets/images/iLightbox/smooth-skin/fullscreen-icon-64.png]
[127.0.0.1/av/wp-content/themes/Avada/assets/images/iLightbox/smooth-skin/fullscreen-icon-ie.png]
[127.0.0.1/av/wp-content/themes/Avada/assets/images/iLightbox/smooth-skin/x-mark-icon-64.png]
[127.0.0.1/av/wp-content/themes/Avada/assets/images/iLightbox/smooth-skin/x-mark-icon-ie.png]
[127.0.0.1/av/wp-content/themes/Avada/assets/images/iLightbox/smooth-skin/arrow-next-icon-64.png]
[127.0.0.1/av/wp-content/themes/Avada/assets/images/iLightbox/smooth-skin/arrow-next-icon-ie.png]
[127.0.0.1/av/wp-content/themes/Avada/assets/images/iLightbox/smooth-skin/arrow-prev-icon-64.png]
[127.0.0.1/av/wp-content/themes/Avada/assets/images/iLightbox/smooth-skin/arrow-prev-icon-ie.png]
[127.0.0.1/av/wp-content/themes/Avada/assets/images/iLightbox/smooth-skin/play-icon-64.png]
[127.0.0.1/av/wp-content/themes/Avada/assets/images/iLightbox/smooth-skin/play-icon-ie.png]
[127.0.0.1/av/wp-content/themes/Avada/assets/images/iLightbox/smooth-skin/pause-icon-64.png]
[127.0.0.1/av/wp-content/themes/Avada/assets/images/iLightbox/smooth-skin/pause-icon-ie.png]
[127.0.0.1/av/wp-content/themes/Avada/assets/images/iLightbox/smooth-skin/thumb-overlay-play.png]
[127.0.0.1/av/wp-content/themes/Avada/assets/images/iLightbox/smooth-skin/arrows_vertical.png]
[127.0.0.1/av/wp-content/themes/Avada/assets/images/iLightbox/smooth-skin/arrows_horizontal.png]
[127.0.0.1/av/wp-content/themes/Avada/ilightbox066b.css]
[127.0.0.1/av/wp-content/themes/Avada/animations066b.css]
[127.0.0.1/av/wp-content/themes/Avada/assets/css/rtl066b.css]
[127.0.0.1/av/wp-content/plugins/fusion-builder/css/fusion-shortcodes.min0ba6.css]
[127.0.0.1/av/wp-content/themes/Avada/assets/images/page_title_bg.png]
[127.0.0.1/av/wp-content/uploads/avada-styles/avada-3133ad.css]
[127.0.0.1/av/wp-content/themes/Avada/assets/css/assets/images/ajax-loader.html]
[127.0.0.1/av/wp-content/themes/Avada/assets/fonts/fontawesome/fontawesome-webfont3e6e.html]
[127.0.0.1/av/wp-content/themes/Avada/assets/fonts/fontawesome/fontawesome-webfont3e6e.svg]
[127.0.0.1/av/wp-content/themes/Avada/assets/images/iLightbox/closedhand.html]
